<?xml version="1.0" encoding="UTF-8" ?>
<testsuites name="vitest tests" tests="3" failures="3" errors="0" time="9.581">
    <testsuite name="tests/ui/ConfigForm.test.tsx" timestamp="2025-08-21T08:13:02.635Z" hostname="LAPTOP-4MJ5QFPV" tests="3" failures="3" errors="0" skipped="0" time="0.4487261">
        <testcase classname="tests/ui/ConfigForm.test.tsx" name="ConfigForm &gt; 应该正确渲染表单" time="0.3136428">
            <failure message="" type="AggregateError">
{
  stack: &apos;AggregateError: \n&apos; +
    &apos;    at aggregateErrors (C:\\Users\\wantao\\Code\\wantapp\\node_modules\\.pnpm\\react@19.1.1\\node_modules\\react\\cjs\\react.development.js:527:11)\n&apos; +
    &apos;    at process.env.NODE_ENV.exports.act (C:\\Users\\wantao\\Code\\wantapp\\node_modules\\.pnpm\\react@19.1.1\\node_modules\\react\\cjs\\react.development.js:873:24)\n&apos; +
    &apos;    at C:\\Users\\wantao\\Code\\wantapp\\node_modules\\.pnpm\\@testing-library+react@16.3_6479d15b625ec3d34ccbc3611f2e562b\\node_modules\\@testing-library\\react\\dist\\act-compat.js:47:25\n&apos; +
    &apos;    at renderRoot (C:\\Users\\wantao\\Code\\wantapp\\node_modules\\.pnpm\\@testing-library+react@16.3_6479d15b625ec3d34ccbc3611f2e562b\\node_modules\\@testing-library\\react\\dist\\pure.js:190:26)\n&apos; +
    &apos;    at Proxy.render (C:\\Users\\wantao\\Code\\wantapp\\node_modules\\.pnpm\\@testing-library+react@16.3_6479d15b625ec3d34ccbc3611f2e562b\\node_modules\\@testing-library\\react\\dist\\pure.js:292:10)\n&apos; +
    &apos;    at C:\\Users\\wantao\\Code\\wantapp\\tests\\ui\\ConfigForm.test.tsx:56:5\n&apos; +
    &apos;    at file:///C:/Users/wantao/Code/wantapp/node_modules/.pnpm/@vitest+runner@2.1.9/node_modules/@vitest/runner/dist/index.js:146:14\n&apos; +
    &apos;    at file:///C:/Users/wantao/Code/wantapp/node_modules/.pnpm/@vitest+runner@2.1.9/node_modules/@vitest/runner/dist/index.js:533:11\n&apos; +
    &apos;    at runWithTimeout (file:///C:/Users/wantao/Code/wantapp/node_modules/.pnpm/@vitest+runner@2.1.9/node_modules/@vitest/runner/dist/index.js:39:7)\n&apos; +
    &apos;    at runTest (file:///C:/Users/wantao/Code/wantapp/node_modules/.pnpm/@vitest+runner@2.1.9/node_modules/@vitest/runner/dist/index.js:1056:17)&apos;,
  errors: [
    {
      stack: &apos;TypeError: window.matchMedia is not a function\n&apos; +
        &apos;    at C:\\Users\\wantao\\Code\\wantapp\\node_modules\\.pnpm\\antd@5.27.0_date-fns@2.30.0_10064795c90bae7023576ae22a9b6353\\node_modules\\antd\\lib\\_util\\responsiveObserver.js:99:30\n&apos; +
        &apos;    at Array.forEach (&lt;anonymous&gt;)\n&apos; +
        &apos;    at Object.register (C:\\Users\\wantao\\Code\\wantapp\\node_modules\\.pnpm\\antd@5.27.0_date-fns@2.30.0_10064795c90bae7023576ae22a9b6353\\node_modules\\antd\\lib\\_util\\responsiveObserver.js:91:39)\n&apos; +
        &apos;    at Object.subscribe (C:\\Users\\wantao\\Code\\wantapp\\node_modules\\.pnpm\\antd@5.27.0_date-fns@2.30.0_10064795c90bae7023576ae22a9b6353\\node_modules\\antd\\lib\\_util\\responsiveObserver.js:77:16)\n&apos; +
        &apos;    at C:\\Users\\wantao\\Code\\wantapp\\node_modules\\.pnpm\\antd@5.27.0_date-fns@2.30.0_10064795c90bae7023576ae22a9b6353\\node_modules\\antd\\lib\\grid\\hooks\\useBreakpoint.js:18:38\n&apos; +
        &apos;    at C:\\Users\\wantao\\Code\\wantapp\\node_modules\\.pnpm\\rc-util@5.44.4_react-dom@19.1.1_react@19.1.1__react@19.1.1\\node_modules\\rc-util\\lib\\hooks\\useLayoutEffect.js:18:12\n&apos; +
        &apos;    at Object.react_stack_bottom_frame (C:\\Users\\wantao\\Code\\wantapp\\node_modules\\.pnpm\\react-dom@19.1.1_react@19.1.1\\node_modules\\react-dom\\cjs\\react-dom-client.development.js:23953:20)\n&apos; +
        &apos;    at runWithFiberInDEV (C:\\Users\\wantao\\Code\\wantapp\\node_modules\\.pnpm\\react-dom@19.1.1_react@19.1.1\\node_modules\\react-dom\\cjs\\react-dom-client.development.js:1522:13)\n&apos; +
        &apos;    at commitHookEffectListMount (C:\\Users\\wantao\\Code\\wantapp\\node_modules\\.pnpm\\react-dom@19.1.1_react@19.1.1\\node_modules\\react-dom\\cjs\\react-dom-client.development.js:11905:29)\n&apos; +
        &apos;    at commitHookPassiveMountEffects (C:\\Users\\wantao\\Code\\wantapp\\node_modules\\.pnpm\\react-dom@19.1.1_react@19.1.1\\node_modules\\react-dom\\cjs\\react-dom-client.development.js:12028:11)&apos;,
      message: &apos;window.matchMedia is not a function&apos;,
      constructor: &apos;Function&lt;TypeError&gt;&apos;,
      name: &apos;TypeError&apos;,
      toString: &apos;Function&lt;toString&gt;&apos;
    },
    {
      stack: &apos;TypeError: window.matchMedia is not a function\n&apos; +
        &apos;    at C:\\Users\\wantao\\Code\\wantapp\\node_modules\\.pnpm\\antd@5.27.0_date-fns@2.30.0_10064795c90bae7023576ae22a9b6353\\node_modules\\antd\\lib\\_util\\responsiveObserver.js:99:30\n&apos; +
        &apos;    at Array.forEach (&lt;anonymous&gt;)\n&apos; +
        &apos;    at Object.register (C:\\Users\\wantao\\Code\\wantapp\\node_modules\\.pnpm\\antd@5.27.0_date-fns@2.30.0_10064795c90bae7023576ae22a9b6353\\node_modules\\antd\\lib\\_util\\responsiveObserver.js:91:39)\n&apos; +
        &apos;    at Object.subscribe (C:\\Users\\wantao\\Code\\wantapp\\node_modules\\.pnpm\\antd@5.27.0_date-fns@2.30.0_10064795c90bae7023576ae22a9b6353\\node_modules\\antd\\lib\\_util\\responsiveObserver.js:77:16)\n&apos; +
        &apos;    at C:\\Users\\wantao\\Code\\wantapp\\node_modules\\.pnpm\\antd@5.27.0_date-fns@2.30.0_10064795c90bae7023576ae22a9b6353\\node_modules\\antd\\lib\\grid\\hooks\\useBreakpoint.js:18:38\n&apos; +
        &apos;    at C:\\Users\\wantao\\Code\\wantapp\\node_modules\\.pnpm\\rc-util@5.44.4_react-dom@19.1.1_react@19.1.1__react@19.1.1\\node_modules\\rc-util\\lib\\hooks\\useLayoutEffect.js:18:12\n&apos; +
        &apos;    at Object.react_stack_bottom_frame (C:\\Users\\wantao\\Code\\wantapp\\node_modules\\.pnpm\\react-dom@19.1.1_react@19.1.1\\node_modules\\react-dom\\cjs\\react-dom-client.development.js:23953:20)\n&apos; +
        &apos;    at runWithFiberInDEV (C:\\Users\\wantao\\Code\\wantapp\\node_modules\\.pnpm\\react-dom@19.1.1_react@19.1.1\\node_modules\\react-dom\\cjs\\react-dom-client.development.js:1522:13)\n&apos; +
        &apos;    at commitHookEffectListMount (C:\\Users\\wantao\\Code\\wantapp\\node_modules\\.pnpm\\react-dom@19.1.1_react@19.1.1\\node_modules\\react-dom\\cjs\\react-dom-client.development.js:11905:29)\n&apos; +
        &apos;    at commitHookPassiveMountEffects (C:\\Users\\wantao\\Code\\wantapp\\node_modules\\.pnpm\\react-dom@19.1.1_react@19.1.1\\node_modules\\react-dom\\cjs\\react-dom-client.development.js:12028:11)&apos;,
      message: &apos;window.matchMedia is not a function&apos;,
      constructor: &apos;Function&lt;TypeError&gt;&apos;,
      name: &apos;TypeError&apos;,
      toString: &apos;Function&lt;toString&gt;&apos;
    },
    {
      stack: &apos;TypeError: window.matchMedia is not a function\n&apos; +
        &apos;    at C:\\Users\\wantao\\Code\\wantapp\\node_modules\\.pnpm\\antd@5.27.0_date-fns@2.30.0_10064795c90bae7023576ae22a9b6353\\node_modules\\antd\\lib\\_util\\responsiveObserver.js:99:30\n&apos; +
        &apos;    at Array.forEach (&lt;anonymous&gt;)\n&apos; +
        &apos;    at Object.register (C:\\Users\\wantao\\Code\\wantapp\\node_modules\\.pnpm\\antd@5.27.0_date-fns@2.30.0_10064795c90bae7023576ae22a9b6353\\node_modules\\antd\\lib\\_util\\responsiveObserver.js:91:39)\n&apos; +
        &apos;    at Object.subscribe (C:\\Users\\wantao\\Code\\wantapp\\node_modules\\.pnpm\\antd@5.27.0_date-fns@2.30.0_10064795c90bae7023576ae22a9b6353\\node_modules\\antd\\lib\\_util\\responsiveObserver.js:77:16)\n&apos; +
        &apos;    at C:\\Users\\wantao\\Code\\wantapp\\node_modules\\.pnpm\\antd@5.27.0_date-fns@2.30.0_10064795c90bae7023576ae22a9b6353\\node_modules\\antd\\lib\\grid\\hooks\\useBreakpoint.js:18:38\n&apos; +
        &apos;    at C:\\Users\\wantao\\Code\\wantapp\\node_modules\\.pnpm\\rc-util@5.44.4_react-dom@19.1.1_react@19.1.1__react@19.1.1\\node_modules\\rc-util\\lib\\hooks\\useLayoutEffect.js:18:12\n&apos; +
        &apos;    at Object.react_stack_bottom_frame (C:\\Users\\wantao\\Code\\wantapp\\node_modules\\.pnpm\\react-dom@19.1.1_react@19.1.1\\node_modules\\react-dom\\cjs\\react-dom-client.development.js:23953:20)\n&apos; +
        &apos;    at runWithFiberInDEV (C:\\Users\\wantao\\Code\\wantapp\\node_modules\\.pnpm\\react-dom@19.1.1_react@19.1.1\\node_modules\\react-dom\\cjs\\react-dom-client.development.js:1522:13)\n&apos; +
        &apos;    at commitHookEffectListMount (C:\\Users\\wantao\\Code\\wantapp\\node_modules\\.pnpm\\react-dom@19.1.1_react@19.1.1\\node_modules\\react-dom\\cjs\\react-dom-client.development.js:11905:29)\n&apos; +
        &apos;    at commitHookPassiveMountEffects (C:\\Users\\wantao\\Code\\wantapp\\node_modules\\.pnpm\\react-dom@19.1.1_react@19.1.1\\node_modules\\react-dom\\cjs\\react-dom-client.development.js:12028:11)&apos;,
      message: &apos;window.matchMedia is not a function&apos;,
      constructor: &apos;Function&lt;TypeError&gt;&apos;,
      name: &apos;TypeError&apos;,
      toString: &apos;Function&lt;toString&gt;&apos;
    }
  ],
  stackStr: &apos;AggregateError: \n&apos; +
    &apos;    at aggregateErrors (C:\\Users\\wantao\\Code\\wantapp\\node_modules\\.pnpm\\react@19.1.1\\node_modules\\react\\cjs\\react.development.js:527:11)\n&apos; +
    &apos;    at process.env.NODE_ENV.exports.act (C:\\Users\\wantao\\Code\\wantapp\\node_modules\\.pnpm\\react@19.1.1\\node_modules\\react\\cjs\\react.development.js:873:24)\n&apos; +
    &apos;    at C:\\Users\\wantao\\Code\\wantapp\\node_modules\\.pnpm\\@testing-library+react@16.3_6479d15b625ec3d34ccbc3611f2e562b\\node_modules\\@testing-library\\react\\dist\\act-compat.js:47:25\n&apos; +
    &apos;    at renderRoot (C:\\Users\\wantao\\Code\\wantapp\\node_modules\\.pnpm\\@testing-library+react@16.3_6479d15b625ec3d34ccbc3611f2e562b\\node_modules\\@testing-library\\react\\dist\\pure.js:190:26)\n&apos; +
    &apos;    at Proxy.render (C:\\Users\\wantao\\Code\\wantapp\\node_modules\\.pnpm\\@testing-library+react@16.3_6479d15b625ec3d34ccbc3611f2e562b\\node_modules\\@testing-library\\react\\dist\\pure.js:292:10)\n&apos; +
    &apos;    at C:\\Users\\wantao\\Code\\wantapp\\tests\\ui\\ConfigForm.test.tsx:56:5\n&apos; +
    &apos;    at file:///C:/Users/wantao/Code/wantapp/node_modules/.pnpm/@vitest+runner@2.1.9/node_modules/@vitest/runner/dist/index.js:146:14\n&apos; +
    &apos;    at file:///C:/Users/wantao/Code/wantapp/node_modules/.pnpm/@vitest+runner@2.1.9/node_modules/@vitest/runner/dist/index.js:533:11\n&apos; +
    &apos;    at runWithTimeout (file:///C:/Users/wantao/Code/wantapp/node_modules/.pnpm/@vitest+runner@2.1.9/node_modules/@vitest/runner/dist/index.js:39:7)\n&apos; +
    &apos;    at runTest (file:///C:/Users/wantao/Code/wantapp/node_modules/.pnpm/@vitest+runner@2.1.9/node_modules/@vitest/runner/dist/index.js:1056:17)&apos;,
  nameStr: &apos;AggregateError&apos;,
  expected: &apos;undefined&apos;,
  actual: &apos;undefined&apos;,
  message: &apos;&apos;,
  constructor: &apos;Function&lt;AggregateError&gt;&apos;,
  name: &apos;AggregateError&apos;,
  toString: &apos;Function&lt;toString&gt;&apos;,
  stacks: [
    {
      method: &apos;aggregateErrors&apos;,
      file: &apos;C:/Users/wantao/Code/wantapp/node_modules/.pnpm/react@19.1.1/node_modules/react/cjs/react.development.js&apos;,
      line: 527,
      column: 11
    },
    {
      method: &apos;process.env.NODE_ENV.exports.act&apos;,
      file: &apos;C:/Users/wantao/Code/wantapp/node_modules/.pnpm/react@19.1.1/node_modules/react/cjs/react.development.js&apos;,
      line: 873,
      column: 24
    },
    {
      method: &apos;&apos;,
      file: &apos;C:/Users/wantao/Code/wantapp/node_modules/.pnpm/@testing-library+react@16.3_6479d15b625ec3d34ccbc3611f2e562b/node_modules/@testing-library/react/dist/act-compat.js&apos;,
      line: 47,
      column: 25
    },
    {
      method: &apos;renderRoot&apos;,
      file: &apos;C:/Users/wantao/Code/wantapp/node_modules/.pnpm/@testing-library+react@16.3_6479d15b625ec3d34ccbc3611f2e562b/node_modules/@testing-library/react/dist/pure.js&apos;,
      line: 190,
      column: 26
    },
    {
      method: &apos;Proxy.render&apos;,
      file: &apos;C:/Users/wantao/Code/wantapp/node_modules/.pnpm/@testing-library+react@16.3_6479d15b625ec3d34ccbc3611f2e562b/node_modules/@testing-library/react/dist/pure.js&apos;,
      line: 292,
      column: 10
    },
    {
      method: &apos;&apos;,
      file: &apos;C:/Users/wantao/Code/wantapp/tests/ui/ConfigForm.test.tsx&apos;,
      line: 56,
      column: 5
    }
  ]
}
 ❯ aggregateErrors node_modules/.pnpm/react@19.1.1/node_modules/react/cjs/react.development.js:527:11
 ❯ process.env.NODE_ENV.exports.act node_modules/.pnpm/react@19.1.1/node_modules/react/cjs/react.development.js:873:24
 ❯ node_modules/.pnpm/@testing-library+react@16.3_6479d15b625ec3d34ccbc3611f2e562b/node_modules/@testing-library/react/dist/act-compat.js:47:25
 ❯ renderRoot node_modules/.pnpm/@testing-library+react@16.3_6479d15b625ec3d34ccbc3611f2e562b/node_modules/@testing-library/react/dist/pure.js:190:26
 ❯ Proxy.render node_modules/.pnpm/@testing-library+react@16.3_6479d15b625ec3d34ccbc3611f2e562b/node_modules/@testing-library/react/dist/pure.js:292:10
 ❯ tests/ui/ConfigForm.test.tsx:56:5

⎯⎯⎯⎯⎯⎯⎯⎯⎯⎯⎯⎯⎯⎯⎯⎯⎯⎯⎯⎯⎯⎯⎯⎯⎯⎯⎯⎯⎯⎯⎯⎯⎯⎯⎯⎯⎯⎯⎯⎯⎯⎯⎯⎯⎯⎯⎯⎯⎯⎯⎯⎯⎯⎯⎯⎯⎯⎯⎯⎯⎯⎯⎯⎯⎯⎯⎯⎯⎯⎯⎯⎯⎯⎯⎯⎯⎯⎯⎯⎯⎯⎯⎯⎯⎯⎯⎯⎯⎯⎯⎯⎯⎯⎯⎯⎯⎯⎯⎯⎯⎯⎯⎯⎯⎯
Serialized Error: { errors: [ { stack: &apos;TypeError: window.matchMedia is not a function\n    at C:\Users\wantao\Code\wantapp\node_modules\.pnpm\antd@5.27.0_date-fns@2.30.0_10064795c90bae7023576ae22a9b6353\node_modules\antd\lib\_util\responsiveObserver.js:99:30\n    at Array.forEach (&lt;anonymous&gt;)\n    at Object.register (C:\Users\wantao\Code\wantapp\node_modules\.pnpm\antd@5.27.0_date-fns@2.30.0_10064795c90bae7023576ae22a9b6353\node_modules\antd\lib\_util\responsiveObserver.js:91:39)\n    at Object.subscribe (C:\Users\wantao\Code\wantapp\node_modules\.pnpm\antd@5.27.0_date-fns@2.30.0_10064795c90bae7023576ae22a9b6353\node_modules\antd\lib\_util\responsiveObserver.js:77:16)\n    at C:\Users\wantao\Code\wantapp\node_modules\.pnpm\antd@5.27.0_date-fns@2.30.0_10064795c90bae7023576ae22a9b6353\node_modules\antd\lib\grid\hooks\useBreakpoint.js:18:38\n    at C:\Users\wantao\Code\wantapp\node_modules\.pnpm\rc-util@5.44.4_react-dom@19.1.1_react@19.1.1__react@19.1.1\node_modules\rc-util\lib\hooks\useLayoutEffect.js:18:12\n    at Object.react_stack_bottom_frame (C:\Users\wantao\Code\wantapp\node_modules\.pnpm\react-dom@19.1.1_react@19.1.1\node_modules\react-dom\cjs\react-dom-client.development.js:23953:20)\n    at runWithFiberInDEV (C:\Users\wantao\Code\wantapp\node_modules\.pnpm\react-dom@19.1.1_react@19.1.1\node_modules\react-dom\cjs\react-dom-client.development.js:1522:13)\n    at commitHookEffectListMount (C:\Users\wantao\Code\wantapp\node_modules\.pnpm\react-dom@19.1.1_react@19.1.1\node_modules\react-dom\cjs\react-dom-client.development.js:11905:29)\n    at commitHookPassiveMountEffects (C:\Users\wantao\Code\wantapp\node_modules\.pnpm\react-dom@19.1.1_react@19.1.1\node_modules\react-dom\cjs\react-dom-client.development.js:12028:11)&apos;, message: &apos;window.matchMedia is not a function&apos;, constructor: &apos;Function&lt;TypeError&gt;&apos;, name: &apos;TypeError&apos;, toString: &apos;Function&lt;toString&gt;&apos; }, { stack: &apos;TypeError: window.matchMedia is not a function\n    at C:\Users\wantao\Code\wantapp\node_modules\.pnpm\antd@5.27.0_date-fns@2.30.0_10064795c90bae7023576ae22a9b6353\node_modules\antd\lib\_util\responsiveObserver.js:99:30\n    at Array.forEach (&lt;anonymous&gt;)\n    at Object.register (C:\Users\wantao\Code\wantapp\node_modules\.pnpm\antd@5.27.0_date-fns@2.30.0_10064795c90bae7023576ae22a9b6353\node_modules\antd\lib\_util\responsiveObserver.js:91:39)\n    at Object.subscribe (C:\Users\wantao\Code\wantapp\node_modules\.pnpm\antd@5.27.0_date-fns@2.30.0_10064795c90bae7023576ae22a9b6353\node_modules\antd\lib\_util\responsiveObserver.js:77:16)\n    at C:\Users\wantao\Code\wantapp\node_modules\.pnpm\antd@5.27.0_date-fns@2.30.0_10064795c90bae7023576ae22a9b6353\node_modules\antd\lib\grid\hooks\useBreakpoint.js:18:38\n    at C:\Users\wantao\Code\wantapp\node_modules\.pnpm\rc-util@5.44.4_react-dom@19.1.1_react@19.1.1__react@19.1.1\node_modules\rc-util\lib\hooks\useLayoutEffect.js:18:12\n    at Object.react_stack_bottom_frame (C:\Users\wantao\Code\wantapp\node_modules\.pnpm\react-dom@19.1.1_react@19.1.1\node_modules\react-dom\cjs\react-dom-client.development.js:23953:20)\n    at runWithFiberInDEV (C:\Users\wantao\Code\wantapp\node_modules\.pnpm\react-dom@19.1.1_react@19.1.1\node_modules\react-dom\cjs\react-dom-client.development.js:1522:13)\n    at commitHookEffectListMount (C:\Users\wantao\Code\wantapp\node_modules\.pnpm\react-dom@19.1.1_react@19.1.1\node_modules\react-dom\cjs\react-dom-client.development.js:11905:29)\n    at commitHookPassiveMountEffects (C:\Users\wantao\Code\wantapp\node_modules\.pnpm\react-dom@19.1.1_react@19.1.1\node_modules\react-dom\cjs\react-dom-client.development.js:12028:11)&apos;, message: &apos;window.matchMedia is not a function&apos;, constructor: &apos;Function&lt;TypeError&gt;&apos;, name: &apos;TypeError&apos;, toString: &apos;Function&lt;toString&gt;&apos; }, { stack: &apos;TypeError: window.matchMedia is not a function\n    at C:\Users\wantao\Code\wantapp\node_modules\.pnpm\antd@5.27.0_date-fns@2.30.0_10064795c90bae7023576ae22a9b6353\node_modules\antd\lib\_util\responsiveObserver.js:99:30\n    at Array.forEach (&lt;anonymous&gt;)\n    at Object.register (C:\Users\wantao\Code\wantapp\node_modules\.pnpm\antd@5.27.0_date-fns@2.30.0_10064795c90bae7023576ae22a9b6353\node_modules\antd\lib\_util\responsiveObserver.js:91:39)\n    at Object.subscribe (C:\Users\wantao\Code\wantapp\node_modules\.pnpm\antd@5.27.0_date-fns@2.30.0_10064795c90bae7023576ae22a9b6353\node_modules\antd\lib\_util\responsiveObserver.js:77:16)\n    at C:\Users\wantao\Code\wantapp\node_modules\.pnpm\antd@5.27.0_date-fns@2.30.0_10064795c90bae7023576ae22a9b6353\node_modules\antd\lib\grid\hooks\useBreakpoint.js:18:38\n    at C:\Users\wantao\Code\wantapp\node_modules\.pnpm\rc-util@5.44.4_react-dom@19.1.1_react@19.1.1__react@19.1.1\node_modules\rc-util\lib\hooks\useLayoutEffect.js:18:12\n    at Object.react_stack_bottom_frame (C:\Users\wantao\Code\wantapp\node_modules\.pnpm\react-dom@19.1.1_react@19.1.1\node_modules\react-dom\cjs\react-dom-client.development.js:23953:20)\n    at runWithFiberInDEV (C:\Users\wantao\Code\wantapp\node_modules\.pnpm\react-dom@19.1.1_react@19.1.1\node_modules\react-dom\cjs\react-dom-client.development.js:1522:13)\n    at commitHookEffectListMount (C:\Users\wantao\Code\wantapp\node_modules\.pnpm\react-dom@19.1.1_react@19.1.1\node_modules\react-dom\cjs\react-dom-client.development.js:11905:29)\n    at commitHookPassiveMountEffects (C:\Users\wantao\Code\wantapp\node_modules\.pnpm\react-dom@19.1.1_react@19.1.1\node_modules\react-dom\cjs\react-dom-client.development.js:12028:11)&apos;, message: &apos;window.matchMedia is not a function&apos;, constructor: &apos;Function&lt;TypeError&gt;&apos;, name: &apos;TypeError&apos;, toString: &apos;Function&lt;toString&gt;&apos; } ] }
            </failure>
        </testcase>
        <testcase classname="tests/ui/ConfigForm.test.tsx" name="ConfigForm &gt; 应该支持禁用状态" time="0.0786441">
            <failure message="" type="AggregateError">
{
  stack: &apos;AggregateError: \n&apos; +
    &apos;    at aggregateErrors (C:\\Users\\wantao\\Code\\wantapp\\node_modules\\.pnpm\\react@19.1.1\\node_modules\\react\\cjs\\react.development.js:527:11)\n&apos; +
    &apos;    at process.env.NODE_ENV.exports.act (C:\\Users\\wantao\\Code\\wantapp\\node_modules\\.pnpm\\react@19.1.1\\node_modules\\react\\cjs\\react.development.js:873:24)\n&apos; +
    &apos;    at C:\\Users\\wantao\\Code\\wantapp\\node_modules\\.pnpm\\@testing-library+react@16.3_6479d15b625ec3d34ccbc3611f2e562b\\node_modules\\@testing-library\\react\\dist\\act-compat.js:47:25\n&apos; +
    &apos;    at renderRoot (C:\\Users\\wantao\\Code\\wantapp\\node_modules\\.pnpm\\@testing-library+react@16.3_6479d15b625ec3d34ccbc3611f2e562b\\node_modules\\@testing-library\\react\\dist\\pure.js:190:26)\n&apos; +
    &apos;    at Proxy.render (C:\\Users\\wantao\\Code\\wantapp\\node_modules\\.pnpm\\@testing-library+react@16.3_6479d15b625ec3d34ccbc3611f2e562b\\node_modules\\@testing-library\\react\\dist\\pure.js:292:10)\n&apos; +
    &apos;    at C:\\Users\\wantao\\Code\\wantapp\\tests\\ui\\ConfigForm.test.tsx:63:5\n&apos; +
    &apos;    at file:///C:/Users/wantao/Code/wantapp/node_modules/.pnpm/@vitest+runner@2.1.9/node_modules/@vitest/runner/dist/index.js:146:14\n&apos; +
    &apos;    at file:///C:/Users/wantao/Code/wantapp/node_modules/.pnpm/@vitest+runner@2.1.9/node_modules/@vitest/runner/dist/index.js:533:11\n&apos; +
    &apos;    at runWithTimeout (file:///C:/Users/wantao/Code/wantapp/node_modules/.pnpm/@vitest+runner@2.1.9/node_modules/@vitest/runner/dist/index.js:39:7)\n&apos; +
    &apos;    at runTest (file:///C:/Users/wantao/Code/wantapp/node_modules/.pnpm/@vitest+runner@2.1.9/node_modules/@vitest/runner/dist/index.js:1056:17)&apos;,
  errors: [
    {
      stack: &apos;TypeError: window.matchMedia is not a function\n&apos; +
        &apos;    at C:\\Users\\wantao\\Code\\wantapp\\node_modules\\.pnpm\\antd@5.27.0_date-fns@2.30.0_10064795c90bae7023576ae22a9b6353\\node_modules\\antd\\lib\\_util\\responsiveObserver.js:99:30\n&apos; +
        &apos;    at Array.forEach (&lt;anonymous&gt;)\n&apos; +
        &apos;    at Object.register (C:\\Users\\wantao\\Code\\wantapp\\node_modules\\.pnpm\\antd@5.27.0_date-fns@2.30.0_10064795c90bae7023576ae22a9b6353\\node_modules\\antd\\lib\\_util\\responsiveObserver.js:91:39)\n&apos; +
        &apos;    at Object.subscribe (C:\\Users\\wantao\\Code\\wantapp\\node_modules\\.pnpm\\antd@5.27.0_date-fns@2.30.0_10064795c90bae7023576ae22a9b6353\\node_modules\\antd\\lib\\_util\\responsiveObserver.js:77:16)\n&apos; +
        &apos;    at C:\\Users\\wantao\\Code\\wantapp\\node_modules\\.pnpm\\antd@5.27.0_date-fns@2.30.0_10064795c90bae7023576ae22a9b6353\\node_modules\\antd\\lib\\grid\\hooks\\useBreakpoint.js:18:38\n&apos; +
        &apos;    at C:\\Users\\wantao\\Code\\wantapp\\node_modules\\.pnpm\\rc-util@5.44.4_react-dom@19.1.1_react@19.1.1__react@19.1.1\\node_modules\\rc-util\\lib\\hooks\\useLayoutEffect.js:18:12\n&apos; +
        &apos;    at Object.react_stack_bottom_frame (C:\\Users\\wantao\\Code\\wantapp\\node_modules\\.pnpm\\react-dom@19.1.1_react@19.1.1\\node_modules\\react-dom\\cjs\\react-dom-client.development.js:23953:20)\n&apos; +
        &apos;    at runWithFiberInDEV (C:\\Users\\wantao\\Code\\wantapp\\node_modules\\.pnpm\\react-dom@19.1.1_react@19.1.1\\node_modules\\react-dom\\cjs\\react-dom-client.development.js:1522:13)\n&apos; +
        &apos;    at commitHookEffectListMount (C:\\Users\\wantao\\Code\\wantapp\\node_modules\\.pnpm\\react-dom@19.1.1_react@19.1.1\\node_modules\\react-dom\\cjs\\react-dom-client.development.js:11905:29)\n&apos; +
        &apos;    at commitHookPassiveMountEffects (C:\\Users\\wantao\\Code\\wantapp\\node_modules\\.pnpm\\react-dom@19.1.1_react@19.1.1\\node_modules\\react-dom\\cjs\\react-dom-client.development.js:12028:11)&apos;,
      message: &apos;window.matchMedia is not a function&apos;,
      constructor: &apos;Function&lt;TypeError&gt;&apos;,
      name: &apos;TypeError&apos;,
      toString: &apos;Function&lt;toString&gt;&apos;
    },
    {
      stack: &apos;TypeError: window.matchMedia is not a function\n&apos; +
        &apos;    at C:\\Users\\wantao\\Code\\wantapp\\node_modules\\.pnpm\\antd@5.27.0_date-fns@2.30.0_10064795c90bae7023576ae22a9b6353\\node_modules\\antd\\lib\\_util\\responsiveObserver.js:99:30\n&apos; +
        &apos;    at Array.forEach (&lt;anonymous&gt;)\n&apos; +
        &apos;    at Object.register (C:\\Users\\wantao\\Code\\wantapp\\node_modules\\.pnpm\\antd@5.27.0_date-fns@2.30.0_10064795c90bae7023576ae22a9b6353\\node_modules\\antd\\lib\\_util\\responsiveObserver.js:91:39)\n&apos; +
        &apos;    at Object.subscribe (C:\\Users\\wantao\\Code\\wantapp\\node_modules\\.pnpm\\antd@5.27.0_date-fns@2.30.0_10064795c90bae7023576ae22a9b6353\\node_modules\\antd\\lib\\_util\\responsiveObserver.js:77:16)\n&apos; +
        &apos;    at C:\\Users\\wantao\\Code\\wantapp\\node_modules\\.pnpm\\antd@5.27.0_date-fns@2.30.0_10064795c90bae7023576ae22a9b6353\\node_modules\\antd\\lib\\grid\\hooks\\useBreakpoint.js:18:38\n&apos; +
        &apos;    at C:\\Users\\wantao\\Code\\wantapp\\node_modules\\.pnpm\\rc-util@5.44.4_react-dom@19.1.1_react@19.1.1__react@19.1.1\\node_modules\\rc-util\\lib\\hooks\\useLayoutEffect.js:18:12\n&apos; +
        &apos;    at Object.react_stack_bottom_frame (C:\\Users\\wantao\\Code\\wantapp\\node_modules\\.pnpm\\react-dom@19.1.1_react@19.1.1\\node_modules\\react-dom\\cjs\\react-dom-client.development.js:23953:20)\n&apos; +
        &apos;    at runWithFiberInDEV (C:\\Users\\wantao\\Code\\wantapp\\node_modules\\.pnpm\\react-dom@19.1.1_react@19.1.1\\node_modules\\react-dom\\cjs\\react-dom-client.development.js:1522:13)\n&apos; +
        &apos;    at commitHookEffectListMount (C:\\Users\\wantao\\Code\\wantapp\\node_modules\\.pnpm\\react-dom@19.1.1_react@19.1.1\\node_modules\\react-dom\\cjs\\react-dom-client.development.js:11905:29)\n&apos; +
        &apos;    at commitHookPassiveMountEffects (C:\\Users\\wantao\\Code\\wantapp\\node_modules\\.pnpm\\react-dom@19.1.1_react@19.1.1\\node_modules\\react-dom\\cjs\\react-dom-client.development.js:12028:11)&apos;,
      message: &apos;window.matchMedia is not a function&apos;,
      constructor: &apos;Function&lt;TypeError&gt;&apos;,
      name: &apos;TypeError&apos;,
      toString: &apos;Function&lt;toString&gt;&apos;
    },
    {
      stack: &apos;TypeError: window.matchMedia is not a function\n&apos; +
        &apos;    at C:\\Users\\wantao\\Code\\wantapp\\node_modules\\.pnpm\\antd@5.27.0_date-fns@2.30.0_10064795c90bae7023576ae22a9b6353\\node_modules\\antd\\lib\\_util\\responsiveObserver.js:99:30\n&apos; +
        &apos;    at Array.forEach (&lt;anonymous&gt;)\n&apos; +
        &apos;    at Object.register (C:\\Users\\wantao\\Code\\wantapp\\node_modules\\.pnpm\\antd@5.27.0_date-fns@2.30.0_10064795c90bae7023576ae22a9b6353\\node_modules\\antd\\lib\\_util\\responsiveObserver.js:91:39)\n&apos; +
        &apos;    at Object.subscribe (C:\\Users\\wantao\\Code\\wantapp\\node_modules\\.pnpm\\antd@5.27.0_date-fns@2.30.0_10064795c90bae7023576ae22a9b6353\\node_modules\\antd\\lib\\_util\\responsiveObserver.js:77:16)\n&apos; +
        &apos;    at C:\\Users\\wantao\\Code\\wantapp\\node_modules\\.pnpm\\antd@5.27.0_date-fns@2.30.0_10064795c90bae7023576ae22a9b6353\\node_modules\\antd\\lib\\grid\\hooks\\useBreakpoint.js:18:38\n&apos; +
        &apos;    at C:\\Users\\wantao\\Code\\wantapp\\node_modules\\.pnpm\\rc-util@5.44.4_react-dom@19.1.1_react@19.1.1__react@19.1.1\\node_modules\\rc-util\\lib\\hooks\\useLayoutEffect.js:18:12\n&apos; +
        &apos;    at Object.react_stack_bottom_frame (C:\\Users\\wantao\\Code\\wantapp\\node_modules\\.pnpm\\react-dom@19.1.1_react@19.1.1\\node_modules\\react-dom\\cjs\\react-dom-client.development.js:23953:20)\n&apos; +
        &apos;    at runWithFiberInDEV (C:\\Users\\wantao\\Code\\wantapp\\node_modules\\.pnpm\\react-dom@19.1.1_react@19.1.1\\node_modules\\react-dom\\cjs\\react-dom-client.development.js:1522:13)\n&apos; +
        &apos;    at commitHookEffectListMount (C:\\Users\\wantao\\Code\\wantapp\\node_modules\\.pnpm\\react-dom@19.1.1_react@19.1.1\\node_modules\\react-dom\\cjs\\react-dom-client.development.js:11905:29)\n&apos; +
        &apos;    at commitHookPassiveMountEffects (C:\\Users\\wantao\\Code\\wantapp\\node_modules\\.pnpm\\react-dom@19.1.1_react@19.1.1\\node_modules\\react-dom\\cjs\\react-dom-client.development.js:12028:11)&apos;,
      message: &apos;window.matchMedia is not a function&apos;,
      constructor: &apos;Function&lt;TypeError&gt;&apos;,
      name: &apos;TypeError&apos;,
      toString: &apos;Function&lt;toString&gt;&apos;
    }
  ],
  stackStr: &apos;AggregateError: \n&apos; +
    &apos;    at aggregateErrors (C:\\Users\\wantao\\Code\\wantapp\\node_modules\\.pnpm\\react@19.1.1\\node_modules\\react\\cjs\\react.development.js:527:11)\n&apos; +
    &apos;    at process.env.NODE_ENV.exports.act (C:\\Users\\wantao\\Code\\wantapp\\node_modules\\.pnpm\\react@19.1.1\\node_modules\\react\\cjs\\react.development.js:873:24)\n&apos; +
    &apos;    at C:\\Users\\wantao\\Code\\wantapp\\node_modules\\.pnpm\\@testing-library+react@16.3_6479d15b625ec3d34ccbc3611f2e562b\\node_modules\\@testing-library\\react\\dist\\act-compat.js:47:25\n&apos; +
    &apos;    at renderRoot (C:\\Users\\wantao\\Code\\wantapp\\node_modules\\.pnpm\\@testing-library+react@16.3_6479d15b625ec3d34ccbc3611f2e562b\\node_modules\\@testing-library\\react\\dist\\pure.js:190:26)\n&apos; +
    &apos;    at Proxy.render (C:\\Users\\wantao\\Code\\wantapp\\node_modules\\.pnpm\\@testing-library+react@16.3_6479d15b625ec3d34ccbc3611f2e562b\\node_modules\\@testing-library\\react\\dist\\pure.js:292:10)\n&apos; +
    &apos;    at C:\\Users\\wantao\\Code\\wantapp\\tests\\ui\\ConfigForm.test.tsx:63:5\n&apos; +
    &apos;    at file:///C:/Users/wantao/Code/wantapp/node_modules/.pnpm/@vitest+runner@2.1.9/node_modules/@vitest/runner/dist/index.js:146:14\n&apos; +
    &apos;    at file:///C:/Users/wantao/Code/wantapp/node_modules/.pnpm/@vitest+runner@2.1.9/node_modules/@vitest/runner/dist/index.js:533:11\n&apos; +
    &apos;    at runWithTimeout (file:///C:/Users/wantao/Code/wantapp/node_modules/.pnpm/@vitest+runner@2.1.9/node_modules/@vitest/runner/dist/index.js:39:7)\n&apos; +
    &apos;    at runTest (file:///C:/Users/wantao/Code/wantapp/node_modules/.pnpm/@vitest+runner@2.1.9/node_modules/@vitest/runner/dist/index.js:1056:17)&apos;,
  nameStr: &apos;AggregateError&apos;,
  expected: &apos;undefined&apos;,
  actual: &apos;undefined&apos;,
  message: &apos;&apos;,
  constructor: &apos;Function&lt;AggregateError&gt;&apos;,
  name: &apos;AggregateError&apos;,
  toString: &apos;Function&lt;toString&gt;&apos;,
  stacks: [
    {
      method: &apos;aggregateErrors&apos;,
      file: &apos;C:/Users/wantao/Code/wantapp/node_modules/.pnpm/react@19.1.1/node_modules/react/cjs/react.development.js&apos;,
      line: 527,
      column: 11
    },
    {
      method: &apos;process.env.NODE_ENV.exports.act&apos;,
      file: &apos;C:/Users/wantao/Code/wantapp/node_modules/.pnpm/react@19.1.1/node_modules/react/cjs/react.development.js&apos;,
      line: 873,
      column: 24
    },
    {
      method: &apos;&apos;,
      file: &apos;C:/Users/wantao/Code/wantapp/node_modules/.pnpm/@testing-library+react@16.3_6479d15b625ec3d34ccbc3611f2e562b/node_modules/@testing-library/react/dist/act-compat.js&apos;,
      line: 47,
      column: 25
    },
    {
      method: &apos;renderRoot&apos;,
      file: &apos;C:/Users/wantao/Code/wantapp/node_modules/.pnpm/@testing-library+react@16.3_6479d15b625ec3d34ccbc3611f2e562b/node_modules/@testing-library/react/dist/pure.js&apos;,
      line: 190,
      column: 26
    },
    {
      method: &apos;Proxy.render&apos;,
      file: &apos;C:/Users/wantao/Code/wantapp/node_modules/.pnpm/@testing-library+react@16.3_6479d15b625ec3d34ccbc3611f2e562b/node_modules/@testing-library/react/dist/pure.js&apos;,
      line: 292,
      column: 10
    },
    {
      method: &apos;&apos;,
      file: &apos;C:/Users/wantao/Code/wantapp/tests/ui/ConfigForm.test.tsx&apos;,
      line: 63,
      column: 5
    }
  ]
}
 ❯ aggregateErrors node_modules/.pnpm/react@19.1.1/node_modules/react/cjs/react.development.js:527:11
 ❯ process.env.NODE_ENV.exports.act node_modules/.pnpm/react@19.1.1/node_modules/react/cjs/react.development.js:873:24
 ❯ node_modules/.pnpm/@testing-library+react@16.3_6479d15b625ec3d34ccbc3611f2e562b/node_modules/@testing-library/react/dist/act-compat.js:47:25
 ❯ renderRoot node_modules/.pnpm/@testing-library+react@16.3_6479d15b625ec3d34ccbc3611f2e562b/node_modules/@testing-library/react/dist/pure.js:190:26
 ❯ Proxy.render node_modules/.pnpm/@testing-library+react@16.3_6479d15b625ec3d34ccbc3611f2e562b/node_modules/@testing-library/react/dist/pure.js:292:10
 ❯ tests/ui/ConfigForm.test.tsx:63:5

⎯⎯⎯⎯⎯⎯⎯⎯⎯⎯⎯⎯⎯⎯⎯⎯⎯⎯⎯⎯⎯⎯⎯⎯⎯⎯⎯⎯⎯⎯⎯⎯⎯⎯⎯⎯⎯⎯⎯⎯⎯⎯⎯⎯⎯⎯⎯⎯⎯⎯⎯⎯⎯⎯⎯⎯⎯⎯⎯⎯⎯⎯⎯⎯⎯⎯⎯⎯⎯⎯⎯⎯⎯⎯⎯⎯⎯⎯⎯⎯⎯⎯⎯⎯⎯⎯⎯⎯⎯⎯⎯⎯⎯⎯⎯⎯⎯⎯⎯⎯⎯⎯⎯⎯⎯
Serialized Error: { errors: [ { stack: &apos;TypeError: window.matchMedia is not a function\n    at C:\Users\wantao\Code\wantapp\node_modules\.pnpm\antd@5.27.0_date-fns@2.30.0_10064795c90bae7023576ae22a9b6353\node_modules\antd\lib\_util\responsiveObserver.js:99:30\n    at Array.forEach (&lt;anonymous&gt;)\n    at Object.register (C:\Users\wantao\Code\wantapp\node_modules\.pnpm\antd@5.27.0_date-fns@2.30.0_10064795c90bae7023576ae22a9b6353\node_modules\antd\lib\_util\responsiveObserver.js:91:39)\n    at Object.subscribe (C:\Users\wantao\Code\wantapp\node_modules\.pnpm\antd@5.27.0_date-fns@2.30.0_10064795c90bae7023576ae22a9b6353\node_modules\antd\lib\_util\responsiveObserver.js:77:16)\n    at C:\Users\wantao\Code\wantapp\node_modules\.pnpm\antd@5.27.0_date-fns@2.30.0_10064795c90bae7023576ae22a9b6353\node_modules\antd\lib\grid\hooks\useBreakpoint.js:18:38\n    at C:\Users\wantao\Code\wantapp\node_modules\.pnpm\rc-util@5.44.4_react-dom@19.1.1_react@19.1.1__react@19.1.1\node_modules\rc-util\lib\hooks\useLayoutEffect.js:18:12\n    at Object.react_stack_bottom_frame (C:\Users\wantao\Code\wantapp\node_modules\.pnpm\react-dom@19.1.1_react@19.1.1\node_modules\react-dom\cjs\react-dom-client.development.js:23953:20)\n    at runWithFiberInDEV (C:\Users\wantao\Code\wantapp\node_modules\.pnpm\react-dom@19.1.1_react@19.1.1\node_modules\react-dom\cjs\react-dom-client.development.js:1522:13)\n    at commitHookEffectListMount (C:\Users\wantao\Code\wantapp\node_modules\.pnpm\react-dom@19.1.1_react@19.1.1\node_modules\react-dom\cjs\react-dom-client.development.js:11905:29)\n    at commitHookPassiveMountEffects (C:\Users\wantao\Code\wantapp\node_modules\.pnpm\react-dom@19.1.1_react@19.1.1\node_modules\react-dom\cjs\react-dom-client.development.js:12028:11)&apos;, message: &apos;window.matchMedia is not a function&apos;, constructor: &apos;Function&lt;TypeError&gt;&apos;, name: &apos;TypeError&apos;, toString: &apos;Function&lt;toString&gt;&apos; }, { stack: &apos;TypeError: window.matchMedia is not a function\n    at C:\Users\wantao\Code\wantapp\node_modules\.pnpm\antd@5.27.0_date-fns@2.30.0_10064795c90bae7023576ae22a9b6353\node_modules\antd\lib\_util\responsiveObserver.js:99:30\n    at Array.forEach (&lt;anonymous&gt;)\n    at Object.register (C:\Users\wantao\Code\wantapp\node_modules\.pnpm\antd@5.27.0_date-fns@2.30.0_10064795c90bae7023576ae22a9b6353\node_modules\antd\lib\_util\responsiveObserver.js:91:39)\n    at Object.subscribe (C:\Users\wantao\Code\wantapp\node_modules\.pnpm\antd@5.27.0_date-fns@2.30.0_10064795c90bae7023576ae22a9b6353\node_modules\antd\lib\_util\responsiveObserver.js:77:16)\n    at C:\Users\wantao\Code\wantapp\node_modules\.pnpm\antd@5.27.0_date-fns@2.30.0_10064795c90bae7023576ae22a9b6353\node_modules\antd\lib\grid\hooks\useBreakpoint.js:18:38\n    at C:\Users\wantao\Code\wantapp\node_modules\.pnpm\rc-util@5.44.4_react-dom@19.1.1_react@19.1.1__react@19.1.1\node_modules\rc-util\lib\hooks\useLayoutEffect.js:18:12\n    at Object.react_stack_bottom_frame (C:\Users\wantao\Code\wantapp\node_modules\.pnpm\react-dom@19.1.1_react@19.1.1\node_modules\react-dom\cjs\react-dom-client.development.js:23953:20)\n    at runWithFiberInDEV (C:\Users\wantao\Code\wantapp\node_modules\.pnpm\react-dom@19.1.1_react@19.1.1\node_modules\react-dom\cjs\react-dom-client.development.js:1522:13)\n    at commitHookEffectListMount (C:\Users\wantao\Code\wantapp\node_modules\.pnpm\react-dom@19.1.1_react@19.1.1\node_modules\react-dom\cjs\react-dom-client.development.js:11905:29)\n    at commitHookPassiveMountEffects (C:\Users\wantao\Code\wantapp\node_modules\.pnpm\react-dom@19.1.1_react@19.1.1\node_modules\react-dom\cjs\react-dom-client.development.js:12028:11)&apos;, message: &apos;window.matchMedia is not a function&apos;, constructor: &apos;Function&lt;TypeError&gt;&apos;, name: &apos;TypeError&apos;, toString: &apos;Function&lt;toString&gt;&apos; }, { stack: &apos;TypeError: window.matchMedia is not a function\n    at C:\Users\wantao\Code\wantapp\node_modules\.pnpm\antd@5.27.0_date-fns@2.30.0_10064795c90bae7023576ae22a9b6353\node_modules\antd\lib\_util\responsiveObserver.js:99:30\n    at Array.forEach (&lt;anonymous&gt;)\n    at Object.register (C:\Users\wantao\Code\wantapp\node_modules\.pnpm\antd@5.27.0_date-fns@2.30.0_10064795c90bae7023576ae22a9b6353\node_modules\antd\lib\_util\responsiveObserver.js:91:39)\n    at Object.subscribe (C:\Users\wantao\Code\wantapp\node_modules\.pnpm\antd@5.27.0_date-fns@2.30.0_10064795c90bae7023576ae22a9b6353\node_modules\antd\lib\_util\responsiveObserver.js:77:16)\n    at C:\Users\wantao\Code\wantapp\node_modules\.pnpm\antd@5.27.0_date-fns@2.30.0_10064795c90bae7023576ae22a9b6353\node_modules\antd\lib\grid\hooks\useBreakpoint.js:18:38\n    at C:\Users\wantao\Code\wantapp\node_modules\.pnpm\rc-util@5.44.4_react-dom@19.1.1_react@19.1.1__react@19.1.1\node_modules\rc-util\lib\hooks\useLayoutEffect.js:18:12\n    at Object.react_stack_bottom_frame (C:\Users\wantao\Code\wantapp\node_modules\.pnpm\react-dom@19.1.1_react@19.1.1\node_modules\react-dom\cjs\react-dom-client.development.js:23953:20)\n    at runWithFiberInDEV (C:\Users\wantao\Code\wantapp\node_modules\.pnpm\react-dom@19.1.1_react@19.1.1\node_modules\react-dom\cjs\react-dom-client.development.js:1522:13)\n    at commitHookEffectListMount (C:\Users\wantao\Code\wantapp\node_modules\.pnpm\react-dom@19.1.1_react@19.1.1\node_modules\react-dom\cjs\react-dom-client.development.js:11905:29)\n    at commitHookPassiveMountEffects (C:\Users\wantao\Code\wantapp\node_modules\.pnpm\react-dom@19.1.1_react@19.1.1\node_modules\react-dom\cjs\react-dom-client.development.js:12028:11)&apos;, message: &apos;window.matchMedia is not a function&apos;, constructor: &apos;Function&lt;TypeError&gt;&apos;, name: &apos;TypeError&apos;, toString: &apos;Function&lt;toString&gt;&apos; } ] }
            </failure>
        </testcase>
        <testcase classname="tests/ui/ConfigForm.test.tsx" name="ConfigForm &gt; 应该支持加载状态" time="0.0540672">
            <failure message="" type="AggregateError">
{
  stack: &apos;AggregateError: \n&apos; +
    &apos;    at aggregateErrors (C:\\Users\\wantao\\Code\\wantapp\\node_modules\\.pnpm\\react@19.1.1\\node_modules\\react\\cjs\\react.development.js:527:11)\n&apos; +
    &apos;    at process.env.NODE_ENV.exports.act (C:\\Users\\wantao\\Code\\wantapp\\node_modules\\.pnpm\\react@19.1.1\\node_modules\\react\\cjs\\react.development.js:873:24)\n&apos; +
    &apos;    at C:\\Users\\wantao\\Code\\wantapp\\node_modules\\.pnpm\\@testing-library+react@16.3_6479d15b625ec3d34ccbc3611f2e562b\\node_modules\\@testing-library\\react\\dist\\act-compat.js:47:25\n&apos; +
    &apos;    at renderRoot (C:\\Users\\wantao\\Code\\wantapp\\node_modules\\.pnpm\\@testing-library+react@16.3_6479d15b625ec3d34ccbc3611f2e562b\\node_modules\\@testing-library\\react\\dist\\pure.js:190:26)\n&apos; +
    &apos;    at Proxy.render (C:\\Users\\wantao\\Code\\wantapp\\node_modules\\.pnpm\\@testing-library+react@16.3_6479d15b625ec3d34ccbc3611f2e562b\\node_modules\\@testing-library\\react\\dist\\pure.js:292:10)\n&apos; +
    &apos;    at C:\\Users\\wantao\\Code\\wantapp\\tests\\ui\\ConfigForm.test.tsx:73:5\n&apos; +
    &apos;    at file:///C:/Users/wantao/Code/wantapp/node_modules/.pnpm/@vitest+runner@2.1.9/node_modules/@vitest/runner/dist/index.js:146:14\n&apos; +
    &apos;    at file:///C:/Users/wantao/Code/wantapp/node_modules/.pnpm/@vitest+runner@2.1.9/node_modules/@vitest/runner/dist/index.js:533:11\n&apos; +
    &apos;    at runWithTimeout (file:///C:/Users/wantao/Code/wantapp/node_modules/.pnpm/@vitest+runner@2.1.9/node_modules/@vitest/runner/dist/index.js:39:7)\n&apos; +
    &apos;    at runTest (file:///C:/Users/wantao/Code/wantapp/node_modules/.pnpm/@vitest+runner@2.1.9/node_modules/@vitest/runner/dist/index.js:1056:17)&apos;,
  errors: [
    {
      stack: &apos;TypeError: window.matchMedia is not a function\n&apos; +
        &apos;    at C:\\Users\\wantao\\Code\\wantapp\\node_modules\\.pnpm\\antd@5.27.0_date-fns@2.30.0_10064795c90bae7023576ae22a9b6353\\node_modules\\antd\\lib\\_util\\responsiveObserver.js:99:30\n&apos; +
        &apos;    at Array.forEach (&lt;anonymous&gt;)\n&apos; +
        &apos;    at Object.register (C:\\Users\\wantao\\Code\\wantapp\\node_modules\\.pnpm\\antd@5.27.0_date-fns@2.30.0_10064795c90bae7023576ae22a9b6353\\node_modules\\antd\\lib\\_util\\responsiveObserver.js:91:39)\n&apos; +
        &apos;    at Object.subscribe (C:\\Users\\wantao\\Code\\wantapp\\node_modules\\.pnpm\\antd@5.27.0_date-fns@2.30.0_10064795c90bae7023576ae22a9b6353\\node_modules\\antd\\lib\\_util\\responsiveObserver.js:77:16)\n&apos; +
        &apos;    at C:\\Users\\wantao\\Code\\wantapp\\node_modules\\.pnpm\\antd@5.27.0_date-fns@2.30.0_10064795c90bae7023576ae22a9b6353\\node_modules\\antd\\lib\\grid\\hooks\\useBreakpoint.js:18:38\n&apos; +
        &apos;    at C:\\Users\\wantao\\Code\\wantapp\\node_modules\\.pnpm\\rc-util@5.44.4_react-dom@19.1.1_react@19.1.1__react@19.1.1\\node_modules\\rc-util\\lib\\hooks\\useLayoutEffect.js:18:12\n&apos; +
        &apos;    at Object.react_stack_bottom_frame (C:\\Users\\wantao\\Code\\wantapp\\node_modules\\.pnpm\\react-dom@19.1.1_react@19.1.1\\node_modules\\react-dom\\cjs\\react-dom-client.development.js:23953:20)\n&apos; +
        &apos;    at runWithFiberInDEV (C:\\Users\\wantao\\Code\\wantapp\\node_modules\\.pnpm\\react-dom@19.1.1_react@19.1.1\\node_modules\\react-dom\\cjs\\react-dom-client.development.js:1522:13)\n&apos; +
        &apos;    at commitHookEffectListMount (C:\\Users\\wantao\\Code\\wantapp\\node_modules\\.pnpm\\react-dom@19.1.1_react@19.1.1\\node_modules\\react-dom\\cjs\\react-dom-client.development.js:11905:29)\n&apos; +
        &apos;    at commitHookPassiveMountEffects (C:\\Users\\wantao\\Code\\wantapp\\node_modules\\.pnpm\\react-dom@19.1.1_react@19.1.1\\node_modules\\react-dom\\cjs\\react-dom-client.development.js:12028:11)&apos;,
      message: &apos;window.matchMedia is not a function&apos;,
      constructor: &apos;Function&lt;TypeError&gt;&apos;,
      name: &apos;TypeError&apos;,
      toString: &apos;Function&lt;toString&gt;&apos;
    },
    {
      stack: &apos;TypeError: window.matchMedia is not a function\n&apos; +
        &apos;    at C:\\Users\\wantao\\Code\\wantapp\\node_modules\\.pnpm\\antd@5.27.0_date-fns@2.30.0_10064795c90bae7023576ae22a9b6353\\node_modules\\antd\\lib\\_util\\responsiveObserver.js:99:30\n&apos; +
        &apos;    at Array.forEach (&lt;anonymous&gt;)\n&apos; +
        &apos;    at Object.register (C:\\Users\\wantao\\Code\\wantapp\\node_modules\\.pnpm\\antd@5.27.0_date-fns@2.30.0_10064795c90bae7023576ae22a9b6353\\node_modules\\antd\\lib\\_util\\responsiveObserver.js:91:39)\n&apos; +
        &apos;    at Object.subscribe (C:\\Users\\wantao\\Code\\wantapp\\node_modules\\.pnpm\\antd@5.27.0_date-fns@2.30.0_10064795c90bae7023576ae22a9b6353\\node_modules\\antd\\lib\\_util\\responsiveObserver.js:77:16)\n&apos; +
        &apos;    at C:\\Users\\wantao\\Code\\wantapp\\node_modules\\.pnpm\\antd@5.27.0_date-fns@2.30.0_10064795c90bae7023576ae22a9b6353\\node_modules\\antd\\lib\\grid\\hooks\\useBreakpoint.js:18:38\n&apos; +
        &apos;    at C:\\Users\\wantao\\Code\\wantapp\\node_modules\\.pnpm\\rc-util@5.44.4_react-dom@19.1.1_react@19.1.1__react@19.1.1\\node_modules\\rc-util\\lib\\hooks\\useLayoutEffect.js:18:12\n&apos; +
        &apos;    at Object.react_stack_bottom_frame (C:\\Users\\wantao\\Code\\wantapp\\node_modules\\.pnpm\\react-dom@19.1.1_react@19.1.1\\node_modules\\react-dom\\cjs\\react-dom-client.development.js:23953:20)\n&apos; +
        &apos;    at runWithFiberInDEV (C:\\Users\\wantao\\Code\\wantapp\\node_modules\\.pnpm\\react-dom@19.1.1_react@19.1.1\\node_modules\\react-dom\\cjs\\react-dom-client.development.js:1522:13)\n&apos; +
        &apos;    at commitHookEffectListMount (C:\\Users\\wantao\\Code\\wantapp\\node_modules\\.pnpm\\react-dom@19.1.1_react@19.1.1\\node_modules\\react-dom\\cjs\\react-dom-client.development.js:11905:29)\n&apos; +
        &apos;    at commitHookPassiveMountEffects (C:\\Users\\wantao\\Code\\wantapp\\node_modules\\.pnpm\\react-dom@19.1.1_react@19.1.1\\node_modules\\react-dom\\cjs\\react-dom-client.development.js:12028:11)&apos;,
      message: &apos;window.matchMedia is not a function&apos;,
      constructor: &apos;Function&lt;TypeError&gt;&apos;,
      name: &apos;TypeError&apos;,
      toString: &apos;Function&lt;toString&gt;&apos;
    },
    {
      stack: &apos;TypeError: window.matchMedia is not a function\n&apos; +
        &apos;    at C:\\Users\\wantao\\Code\\wantapp\\node_modules\\.pnpm\\antd@5.27.0_date-fns@2.30.0_10064795c90bae7023576ae22a9b6353\\node_modules\\antd\\lib\\_util\\responsiveObserver.js:99:30\n&apos; +
        &apos;    at Array.forEach (&lt;anonymous&gt;)\n&apos; +
        &apos;    at Object.register (C:\\Users\\wantao\\Code\\wantapp\\node_modules\\.pnpm\\antd@5.27.0_date-fns@2.30.0_10064795c90bae7023576ae22a9b6353\\node_modules\\antd\\lib\\_util\\responsiveObserver.js:91:39)\n&apos; +
        &apos;    at Object.subscribe (C:\\Users\\wantao\\Code\\wantapp\\node_modules\\.pnpm\\antd@5.27.0_date-fns@2.30.0_10064795c90bae7023576ae22a9b6353\\node_modules\\antd\\lib\\_util\\responsiveObserver.js:77:16)\n&apos; +
        &apos;    at C:\\Users\\wantao\\Code\\wantapp\\node_modules\\.pnpm\\antd@5.27.0_date-fns@2.30.0_10064795c90bae7023576ae22a9b6353\\node_modules\\antd\\lib\\grid\\hooks\\useBreakpoint.js:18:38\n&apos; +
        &apos;    at C:\\Users\\wantao\\Code\\wantapp\\node_modules\\.pnpm\\rc-util@5.44.4_react-dom@19.1.1_react@19.1.1__react@19.1.1\\node_modules\\rc-util\\lib\\hooks\\useLayoutEffect.js:18:12\n&apos; +
        &apos;    at Object.react_stack_bottom_frame (C:\\Users\\wantao\\Code\\wantapp\\node_modules\\.pnpm\\react-dom@19.1.1_react@19.1.1\\node_modules\\react-dom\\cjs\\react-dom-client.development.js:23953:20)\n&apos; +
        &apos;    at runWithFiberInDEV (C:\\Users\\wantao\\Code\\wantapp\\node_modules\\.pnpm\\react-dom@19.1.1_react@19.1.1\\node_modules\\react-dom\\cjs\\react-dom-client.development.js:1522:13)\n&apos; +
        &apos;    at commitHookEffectListMount (C:\\Users\\wantao\\Code\\wantapp\\node_modules\\.pnpm\\react-dom@19.1.1_react@19.1.1\\node_modules\\react-dom\\cjs\\react-dom-client.development.js:11905:29)\n&apos; +
        &apos;    at commitHookPassiveMountEffects (C:\\Users\\wantao\\Code\\wantapp\\node_modules\\.pnpm\\react-dom@19.1.1_react@19.1.1\\node_modules\\react-dom\\cjs\\react-dom-client.development.js:12028:11)&apos;,
      message: &apos;window.matchMedia is not a function&apos;,
      constructor: &apos;Function&lt;TypeError&gt;&apos;,
      name: &apos;TypeError&apos;,
      toString: &apos;Function&lt;toString&gt;&apos;
    }
  ],
  stackStr: &apos;AggregateError: \n&apos; +
    &apos;    at aggregateErrors (C:\\Users\\wantao\\Code\\wantapp\\node_modules\\.pnpm\\react@19.1.1\\node_modules\\react\\cjs\\react.development.js:527:11)\n&apos; +
    &apos;    at process.env.NODE_ENV.exports.act (C:\\Users\\wantao\\Code\\wantapp\\node_modules\\.pnpm\\react@19.1.1\\node_modules\\react\\cjs\\react.development.js:873:24)\n&apos; +
    &apos;    at C:\\Users\\wantao\\Code\\wantapp\\node_modules\\.pnpm\\@testing-library+react@16.3_6479d15b625ec3d34ccbc3611f2e562b\\node_modules\\@testing-library\\react\\dist\\act-compat.js:47:25\n&apos; +
    &apos;    at renderRoot (C:\\Users\\wantao\\Code\\wantapp\\node_modules\\.pnpm\\@testing-library+react@16.3_6479d15b625ec3d34ccbc3611f2e562b\\node_modules\\@testing-library\\react\\dist\\pure.js:190:26)\n&apos; +
    &apos;    at Proxy.render (C:\\Users\\wantao\\Code\\wantapp\\node_modules\\.pnpm\\@testing-library+react@16.3_6479d15b625ec3d34ccbc3611f2e562b\\node_modules\\@testing-library\\react\\dist\\pure.js:292:10)\n&apos; +
    &apos;    at C:\\Users\\wantao\\Code\\wantapp\\tests\\ui\\ConfigForm.test.tsx:73:5\n&apos; +
    &apos;    at file:///C:/Users/wantao/Code/wantapp/node_modules/.pnpm/@vitest+runner@2.1.9/node_modules/@vitest/runner/dist/index.js:146:14\n&apos; +
    &apos;    at file:///C:/Users/wantao/Code/wantapp/node_modules/.pnpm/@vitest+runner@2.1.9/node_modules/@vitest/runner/dist/index.js:533:11\n&apos; +
    &apos;    at runWithTimeout (file:///C:/Users/wantao/Code/wantapp/node_modules/.pnpm/@vitest+runner@2.1.9/node_modules/@vitest/runner/dist/index.js:39:7)\n&apos; +
    &apos;    at runTest (file:///C:/Users/wantao/Code/wantapp/node_modules/.pnpm/@vitest+runner@2.1.9/node_modules/@vitest/runner/dist/index.js:1056:17)&apos;,
  nameStr: &apos;AggregateError&apos;,
  expected: &apos;undefined&apos;,
  actual: &apos;undefined&apos;,
  message: &apos;&apos;,
  constructor: &apos;Function&lt;AggregateError&gt;&apos;,
  name: &apos;AggregateError&apos;,
  toString: &apos;Function&lt;toString&gt;&apos;,
  stacks: [
    {
      method: &apos;aggregateErrors&apos;,
      file: &apos;C:/Users/wantao/Code/wantapp/node_modules/.pnpm/react@19.1.1/node_modules/react/cjs/react.development.js&apos;,
      line: 527,
      column: 11
    },
    {
      method: &apos;process.env.NODE_ENV.exports.act&apos;,
      file: &apos;C:/Users/wantao/Code/wantapp/node_modules/.pnpm/react@19.1.1/node_modules/react/cjs/react.development.js&apos;,
      line: 873,
      column: 24
    },
    {
      method: &apos;&apos;,
      file: &apos;C:/Users/wantao/Code/wantapp/node_modules/.pnpm/@testing-library+react@16.3_6479d15b625ec3d34ccbc3611f2e562b/node_modules/@testing-library/react/dist/act-compat.js&apos;,
      line: 47,
      column: 25
    },
    {
      method: &apos;renderRoot&apos;,
      file: &apos;C:/Users/wantao/Code/wantapp/node_modules/.pnpm/@testing-library+react@16.3_6479d15b625ec3d34ccbc3611f2e562b/node_modules/@testing-library/react/dist/pure.js&apos;,
      line: 190,
      column: 26
    },
    {
      method: &apos;Proxy.render&apos;,
      file: &apos;C:/Users/wantao/Code/wantapp/node_modules/.pnpm/@testing-library+react@16.3_6479d15b625ec3d34ccbc3611f2e562b/node_modules/@testing-library/react/dist/pure.js&apos;,
      line: 292,
      column: 10
    },
    {
      method: &apos;&apos;,
      file: &apos;C:/Users/wantao/Code/wantapp/tests/ui/ConfigForm.test.tsx&apos;,
      line: 73,
      column: 5
    }
  ]
}
 ❯ aggregateErrors node_modules/.pnpm/react@19.1.1/node_modules/react/cjs/react.development.js:527:11
 ❯ process.env.NODE_ENV.exports.act node_modules/.pnpm/react@19.1.1/node_modules/react/cjs/react.development.js:873:24
 ❯ node_modules/.pnpm/@testing-library+react@16.3_6479d15b625ec3d34ccbc3611f2e562b/node_modules/@testing-library/react/dist/act-compat.js:47:25
 ❯ renderRoot node_modules/.pnpm/@testing-library+react@16.3_6479d15b625ec3d34ccbc3611f2e562b/node_modules/@testing-library/react/dist/pure.js:190:26
 ❯ Proxy.render node_modules/.pnpm/@testing-library+react@16.3_6479d15b625ec3d34ccbc3611f2e562b/node_modules/@testing-library/react/dist/pure.js:292:10
 ❯ tests/ui/ConfigForm.test.tsx:73:5

⎯⎯⎯⎯⎯⎯⎯⎯⎯⎯⎯⎯⎯⎯⎯⎯⎯⎯⎯⎯⎯⎯⎯⎯⎯⎯⎯⎯⎯⎯⎯⎯⎯⎯⎯⎯⎯⎯⎯⎯⎯⎯⎯⎯⎯⎯⎯⎯⎯⎯⎯⎯⎯⎯⎯⎯⎯⎯⎯⎯⎯⎯⎯⎯⎯⎯⎯⎯⎯⎯⎯⎯⎯⎯⎯⎯⎯⎯⎯⎯⎯⎯⎯⎯⎯⎯⎯⎯⎯⎯⎯⎯⎯⎯⎯⎯⎯⎯⎯⎯⎯⎯⎯⎯⎯
Serialized Error: { errors: [ { stack: &apos;TypeError: window.matchMedia is not a function\n    at C:\Users\wantao\Code\wantapp\node_modules\.pnpm\antd@5.27.0_date-fns@2.30.0_10064795c90bae7023576ae22a9b6353\node_modules\antd\lib\_util\responsiveObserver.js:99:30\n    at Array.forEach (&lt;anonymous&gt;)\n    at Object.register (C:\Users\wantao\Code\wantapp\node_modules\.pnpm\antd@5.27.0_date-fns@2.30.0_10064795c90bae7023576ae22a9b6353\node_modules\antd\lib\_util\responsiveObserver.js:91:39)\n    at Object.subscribe (C:\Users\wantao\Code\wantapp\node_modules\.pnpm\antd@5.27.0_date-fns@2.30.0_10064795c90bae7023576ae22a9b6353\node_modules\antd\lib\_util\responsiveObserver.js:77:16)\n    at C:\Users\wantao\Code\wantapp\node_modules\.pnpm\antd@5.27.0_date-fns@2.30.0_10064795c90bae7023576ae22a9b6353\node_modules\antd\lib\grid\hooks\useBreakpoint.js:18:38\n    at C:\Users\wantao\Code\wantapp\node_modules\.pnpm\rc-util@5.44.4_react-dom@19.1.1_react@19.1.1__react@19.1.1\node_modules\rc-util\lib\hooks\useLayoutEffect.js:18:12\n    at Object.react_stack_bottom_frame (C:\Users\wantao\Code\wantapp\node_modules\.pnpm\react-dom@19.1.1_react@19.1.1\node_modules\react-dom\cjs\react-dom-client.development.js:23953:20)\n    at runWithFiberInDEV (C:\Users\wantao\Code\wantapp\node_modules\.pnpm\react-dom@19.1.1_react@19.1.1\node_modules\react-dom\cjs\react-dom-client.development.js:1522:13)\n    at commitHookEffectListMount (C:\Users\wantao\Code\wantapp\node_modules\.pnpm\react-dom@19.1.1_react@19.1.1\node_modules\react-dom\cjs\react-dom-client.development.js:11905:29)\n    at commitHookPassiveMountEffects (C:\Users\wantao\Code\wantapp\node_modules\.pnpm\react-dom@19.1.1_react@19.1.1\node_modules\react-dom\cjs\react-dom-client.development.js:12028:11)&apos;, message: &apos;window.matchMedia is not a function&apos;, constructor: &apos;Function&lt;TypeError&gt;&apos;, name: &apos;TypeError&apos;, toString: &apos;Function&lt;toString&gt;&apos; }, { stack: &apos;TypeError: window.matchMedia is not a function\n    at C:\Users\wantao\Code\wantapp\node_modules\.pnpm\antd@5.27.0_date-fns@2.30.0_10064795c90bae7023576ae22a9b6353\node_modules\antd\lib\_util\responsiveObserver.js:99:30\n    at Array.forEach (&lt;anonymous&gt;)\n    at Object.register (C:\Users\wantao\Code\wantapp\node_modules\.pnpm\antd@5.27.0_date-fns@2.30.0_10064795c90bae7023576ae22a9b6353\node_modules\antd\lib\_util\responsiveObserver.js:91:39)\n    at Object.subscribe (C:\Users\wantao\Code\wantapp\node_modules\.pnpm\antd@5.27.0_date-fns@2.30.0_10064795c90bae7023576ae22a9b6353\node_modules\antd\lib\_util\responsiveObserver.js:77:16)\n    at C:\Users\wantao\Code\wantapp\node_modules\.pnpm\antd@5.27.0_date-fns@2.30.0_10064795c90bae7023576ae22a9b6353\node_modules\antd\lib\grid\hooks\useBreakpoint.js:18:38\n    at C:\Users\wantao\Code\wantapp\node_modules\.pnpm\rc-util@5.44.4_react-dom@19.1.1_react@19.1.1__react@19.1.1\node_modules\rc-util\lib\hooks\useLayoutEffect.js:18:12\n    at Object.react_stack_bottom_frame (C:\Users\wantao\Code\wantapp\node_modules\.pnpm\react-dom@19.1.1_react@19.1.1\node_modules\react-dom\cjs\react-dom-client.development.js:23953:20)\n    at runWithFiberInDEV (C:\Users\wantao\Code\wantapp\node_modules\.pnpm\react-dom@19.1.1_react@19.1.1\node_modules\react-dom\cjs\react-dom-client.development.js:1522:13)\n    at commitHookEffectListMount (C:\Users\wantao\Code\wantapp\node_modules\.pnpm\react-dom@19.1.1_react@19.1.1\node_modules\react-dom\cjs\react-dom-client.development.js:11905:29)\n    at commitHookPassiveMountEffects (C:\Users\wantao\Code\wantapp\node_modules\.pnpm\react-dom@19.1.1_react@19.1.1\node_modules\react-dom\cjs\react-dom-client.development.js:12028:11)&apos;, message: &apos;window.matchMedia is not a function&apos;, constructor: &apos;Function&lt;TypeError&gt;&apos;, name: &apos;TypeError&apos;, toString: &apos;Function&lt;toString&gt;&apos; }, { stack: &apos;TypeError: window.matchMedia is not a function\n    at C:\Users\wantao\Code\wantapp\node_modules\.pnpm\antd@5.27.0_date-fns@2.30.0_10064795c90bae7023576ae22a9b6353\node_modules\antd\lib\_util\responsiveObserver.js:99:30\n    at Array.forEach (&lt;anonymous&gt;)\n    at Object.register (C:\Users\wantao\Code\wantapp\node_modules\.pnpm\antd@5.27.0_date-fns@2.30.0_10064795c90bae7023576ae22a9b6353\node_modules\antd\lib\_util\responsiveObserver.js:91:39)\n    at Object.subscribe (C:\Users\wantao\Code\wantapp\node_modules\.pnpm\antd@5.27.0_date-fns@2.30.0_10064795c90bae7023576ae22a9b6353\node_modules\antd\lib\_util\responsiveObserver.js:77:16)\n    at C:\Users\wantao\Code\wantapp\node_modules\.pnpm\antd@5.27.0_date-fns@2.30.0_10064795c90bae7023576ae22a9b6353\node_modules\antd\lib\grid\hooks\useBreakpoint.js:18:38\n    at C:\Users\wantao\Code\wantapp\node_modules\.pnpm\rc-util@5.44.4_react-dom@19.1.1_react@19.1.1__react@19.1.1\node_modules\rc-util\lib\hooks\useLayoutEffect.js:18:12\n    at Object.react_stack_bottom_frame (C:\Users\wantao\Code\wantapp\node_modules\.pnpm\react-dom@19.1.1_react@19.1.1\node_modules\react-dom\cjs\react-dom-client.development.js:23953:20)\n    at runWithFiberInDEV (C:\Users\wantao\Code\wantapp\node_modules\.pnpm\react-dom@19.1.1_react@19.1.1\node_modules\react-dom\cjs\react-dom-client.development.js:1522:13)\n    at commitHookEffectListMount (C:\Users\wantao\Code\wantapp\node_modules\.pnpm\react-dom@19.1.1_react@19.1.1\node_modules\react-dom\cjs\react-dom-client.development.js:11905:29)\n    at commitHookPassiveMountEffects (C:\Users\wantao\Code\wantapp\node_modules\.pnpm\react-dom@19.1.1_react@19.1.1\node_modules\react-dom\cjs\react-dom-client.development.js:12028:11)&apos;, message: &apos;window.matchMedia is not a function&apos;, constructor: &apos;Function&lt;TypeError&gt;&apos;, name: &apos;TypeError&apos;, toString: &apos;Function&lt;toString&gt;&apos; } ] }
            </failure>
        </testcase>
    </testsuite>
</testsuites>
